File: tests/functionality/daveatwork.jpg
Make: Canon
Model: Canon EOS DIGITAL REBEL
Software: Adobe Photoshop 7.0
DateTime: 2004:01:27 11:11:22
DateTimeOriginal: 2004:01:26 15:39:36
DateTimeDigitized: 2004:01:26 15:39:36
UserComment: Dave is at work!
