File: tests/functionality/gotthis.jpg
Copyright: 2014
