File: tests/functionality/tailrec.jpg
HostComputer: My other computer is a Cray
