File: tests/functionality/time1.png
Timestamp: 1/1/1970 0:0:0
