File: tests/functionality/time0.png
Timestamp: 1/1/2000 12:34:56
