File: tests/functionality/time2.png
Timestamp: 12/31/1999 23:59:59
