File: tests/functionality/tricky.jpg
DocumentName: plant.jpg
ImageDescription: :D
Make: Canon
Model: Canon PowerShot S40
Software: How can software and hardware both make this picture
DateTime: 2003:12:14 12:01:44
Artist: You
HostComputer: Me
Copyright: Nobody
DateTimeOriginal: 2003:12:14 12:01:44
DateTimeDigitized: 2003:12:14 12:01:44
MakerNote: 
UserComment: May the Force be with this plant
RelatedSoundFile: VLC
ImageUniqueID: correct horse battery staple
